// Jest Snapshot v1, https://goo.gl/fbAQLP

exports[`BlurTabBarBackground renders correctly and matches the snapshot 1`] = `
<View
  intensity={100}
  style={
    {
      "bottom": 0,
      "left": 0,
      "position": "absolute",
      "right": 0,
      "top": 0,
    }
  }
  tint="systemChromeMaterial"
/>
`;
